BACI System: C-- to PCODE Compiler, 12:29  18 Jul 2004
Source file: C:\jbaci\examples\trabajoGrup\trabajoGrupal.cm  Tue Oct 19 21:35:28 2021
 line  pc
   1    0  //prueba con git
   2    0  
   3    0  semaphore Administrador=1;
   4    0  semaphore Estudiante=1;
   5    0  int i=0;
   6    0  int total=11;
   7    0  void estudiante(int id){
   8    0  	wait(Estudiante);	
   9    2  	wait(Administrador);
  10    4  	
  11    4  	if(i<11){  //se termina ejecutando el mismo proceso 11 veces
  12    8  	     //wait(Estudiante); //se doble bloquea
  13    8  	     cout<<"estudiante "<<id<<"  entra en la habitacion"<<'\n';
  14   14  	    i=1;
  15   17  	    i=i+1;
  16   22  	  signal(Estudiante);
  17   24  	 }else{
  18   25  		signal(Administrador); //esta variable es depende
  19   27  	   cout<<"SSssale estudiante "<<id<<"  sale de la habitacion"<<'\n';
  20   33  	} 
  21   33  	
  22   33  	  if(i>10){
  23   37  	   
  24   37  	  }
  25   37  }
  26   38  
  27   38  void administrador(int id){
  28   38  	wait(Estudiante);
  29   40  	cout<<"         Administrador "<<id<<" entra en la habitacion"<<'\n';
  30   46  	cout<<"         Administrador "<<id<<" revisa la habitacion "<<'\n';
  31   52  	cout<<"         Administrador "<<id<<" sale de la habitacion "<<'\n';
  32   58  	signal(Estudiante);
  33   60  }
  34   61  
  35   61  
  36   61  
  37   61  void main(){
  38   62  	cobegin{
  39   63  	estudiante(1);estudiante(2);estudiante(3);estudiante(4);estudiante(5);estudiante(6);estudiante(7);estudiante(8);
  40   95  	estudiante(9);estudiante(10);estudiante(11);
  41  107  	administrador(99);
  42  111  	}
  43  112  }
