BACI System: C-- to PCODE Compiler, 12:29  18 Jul 2004
Source file: C:\jbaci\examples\trabajoGrup\monitores\grupoMonitores.cm  Fri Oct 22 15:04:12 2021
 line  pc
   1    0  //prueba con git
   2    0  
   3    0  monitor Revision{
   4    0  	int N;
   5    0   condition Administrador;
   6    0   condition Estudiante;
   7    0   condition adSale;
   8    0   condition estSale;
   9    0  int i=0;
  10    0  int total=5;
  11    0  int entra=1;
  12    0  void estudiante(int id){
  13    1  	if(N==0){
  14    5  	waitc(Estudiante);
  15    8  	N=1;
  16   11  	if(i<5){  //se termina ejecutando el mismo proceso 11 veces
  17   15  
  18   15  	    cout<<"ESTUDIANTE "<<id<<"  entra en la habitacion"<<'\n';
  19   21  	    i++;
  20   26  	  signalc(Estudiante); //no deberia entrar 
  21   28  	  //creo que es buena idea poner un estSal aqui
  22   28  		cout<<"Sssaaale estudiante "<<id<<" sale de la habitacion"<<'\n';
  23   34  		i--;
  24   39  	  	total--;
  25   44  	 }else{
  26   45  		
  27   45  	} //else
  28   45  	} //
  29   45  	
  30   45  }
  31   47  
  32   47  void administrador(int id){
  33   48  	if(N==11){
  34   52  	waitc(Administrador);
  35   55  	 N=0;
  36   58  	//while(1){
  37   58  	cout<<"		IAdministrador "<<id<<" intentaaaa ENTRAR"<<'\n';
  38   64  	waitc(Estudiante); //se detiene el que estudiantes entren
  39   67  	if(entra=1 || i==0){ 
  40   75  	cout<<"         EAdministrador "<<id<<" entra en la habitacion"<<'\n'; //solo pasa
  41   81  	
  42   81  	if(total>0){ //en este caso i cumple en caso //siempre sera 11
  43   85  	
  44   85  	 if(i!=0){
  45   89  	  signalc(estSale); //si no esta encendida -1
  46   91  	  cout<<"         RAdministrador "<<id<<" revisa la habitacion "<<'\n';
  47   97  	  signalc(Estudiante); //por si hay estudiante que no terminaron
  48   99  	 }else{
  49  100  	  cout<<"         RAdministrador "<<id<<" revisa la habitacion "<<'\n';
  50  106  	  signalc(Estudiante);
  51  108  	 }
  52  108  	 //cout<<"         RAdministrador "<<id<<" revisa la habitacion "<<'\n';
  53  108  	 total--;
  54  113  	}else{
  55  114  	 cout<<"         SAdministrador "<<id<<" sale de la habitacion "<<'\n';
  56  120  	 signalc(Estudiante); //permite entrar estudiantes ya que salio
  57  122  	}
  58  122  	
  59  122  	}else{
  60  123  	cout<<" 	Administrador "<<id<<" no logra entrar "<<'\n';
  61  129  	signalc(Estudiante);
  62  131  	}//entra
  63  131  	//}//while
  64  131  	}//if
  65  131  }
  66  133  init{
  67  142  	N=0;
  68  145  }
  69  146  
  70  146  }//monitor
  71  146  void estEntra(int ID){
  72  146  	estudiante(ID);
  73  150  }
  74  151  void adminRev(int ID){
  75  151  	administrador(ID);
  76  155  }
  77  156  void main(){
  78  157  	cobegin{
  79  158  	estEntra(1);estEntra(2);estEntra(3);estEntra(4);estEntra(5);estEntra(6);
  80  182  	estEntra(7);estEntra(8);
  81  190  	estEntra(9);estEntra(10);estEntra(11);
  82  202  	adminRev(99);
  83  206  	}
  84  207  }
